PS C:\Users\BTPNSSHIFTED\latihan01> git status
On branch master

No commits yet

Untracked files:
  (use "git add <file>..." to include in what will be committed)
        Latihan.txt

nothing added to commit but untracked files present (use "git add" to track)
PS C:\Users\BTPNSSHIFTED\latihan01> git add latihan1.txt
fatal: pathspec 'latihan1.txt' did not match any files
PS C:\Users\BTPNSSHIFTED\latihan01> git log
fatal: your current branch 'master' does not have any commits yet
PS C:\Users\BTPNSSHIFTED\latihan01> git add Latihan.txt
PS C:\Users\BTPNSSHIFTED\latihan01> git commit -m "second commit"
Author identity unknown

*** Please tell me who you are.

Run

  git config --global user.email "you@example.com"
  git config --global user.name "Your Name"

to set your account's default identity.
Omit --global to set the identity only in this repository.

fatal: unable to auto-detect email address (got 'BTPNSSHIFTED@H0001N52128VCL.(none)')
PS C:\Users\BTPNSSHIFTED\latihan01> git config
usage: git config [<options>]

Config file location
    --global              use global config file
    --system              use system config file
    --local               use repository config file
    --worktree            use per-worktree config file
    -f, --file <file>     use given config file
    --blob <blob-id>      read config from given blob object

Action
    --get                 get value: name [value-pattern]
    --get-all             get all values: key [value-pattern]
    --get-regexp          get values for regexp: name-regex [value-pattern]
    --get-urlmatch        get value specific for the URL: section[.var] URL
    --replace-all         replace all matching variables: name value [value-pattern]
    --add                 add a new variable: name value
    --unset               remove a variable: name [value-pattern]
    --unset-all           remove all matches: name [value-pattern]
    --rename-section      rename section: old-name new-name
    --remove-section      remove a section: name
    -l, --list            list all
    --fixed-value         use string equality when comparing values to 'value-pattern'
    -e, --edit            open an editor
    --get-color           find the color configured: slot [default]
    --get-colorbool       find the color setting: slot [stdout-is-tty]

Type
    -t, --type <type>     value is given this type
    --bool                value is "true" or "false"
    --int                 value is decimal number
    --bool-or-int         value is --bool or --int
    --bool-or-str         value is --bool or string
    --path                value is a path (file or directory name)
    --expiry-date         value is an expiry date

Other
    -z, --null            terminate values with NUL byte
    --name-only           show variable names only
    --includes            respect include directives on lookup
    --show-origin         show origin of config (file, standard input, blob, command line)
    --show-scope          show scope of config (worktree, local, global, system, command)
    --default <value>     with --get, use default value when missing entry

PS C:\Users\BTPNSSHIFTED\latihan01> git config --global user.email "ahmdfarisi.007@gmail.com"
PS C:\Users\BTPNSSHIFTED\latihan01> git config --global user.name "Ahmad Farisi"
PS C:\Users\BTPNSSHIFTED\latihan01> git commit -m "Second commit"
[master (root-commit) 44889e6] Second commit
 1 file changed, 0 insertions(+), 0 deletions(-)
 create mode 100644 Latihan.txt
PS C:\Users\BTPNSSHIFTED\latihan01> mkdir MobileBanking


    Directory: C:\Users\BTPNSSHIFTED\latihan01


Mode                 LastWriteTime         Length Name
----                 -------------         ------ ----
d-----         9/21/2022   2:37 PM                MobileBanking
